// Jest Snapshot v1, https://goo.gl/fbAQLP

exports[`render renders 2 slots 1`] = `
<ApplicationLayout
  sideNav={
    <ul>
      <li>
        List item
      </li>
    </ul>
  }
>
  <Panel>
    <Header />
    <div
      className="article-body"
    >
      <Body>
        <div>
          Hello!
        </div>
      </Body>
    </div>
  </Panel>
</ApplicationLayout>
`;
